src/handlers/leadHandler.ts(79,58): error TS2322: Type 'string | string[]' is not assignable to type 'string | undefined'.
  Type 'string[]' is not assignable to type 'string'.
src/handlers/leadHandler.ts(88,16): error TS2322: Type 'string | string[]' is not assignable to type 'string | undefined'.
  Type 'string[]' is not assignable to type 'string'.
src/handlers/leadHandler.ts(94,9): error TS2322: Type 'string | string[]' is not assignable to type 'string | undefined'.
  Type 'string[]' is not assignable to type 'string'.
src/handlers/propertyHandler.ts(29,16): error TS2322: Type 'string | string[]' is not assignable to type 'string | undefined'.
  Type 'string[]' is not assignable to type 'string'.
